Vivado Simulator v2022.2
Copyright 1986-1999, 2001-2022 Xilinx, Inc. All Rights Reserved.
Running: C:/Xilinx/Vivado/2022.2/bin/unwrapped/win64.o/xelab.exe --incr --debug typical --relax --mt 2 --maxdelay -L xil_defaultlib -L simprims_ver -L secureip --snapshot tb_fpga_top_sim_time_impl -transport_int_delays -pulse_r 0 -pulse_int_r 0 -pulse_e 0 -pulse_int_e 0 xil_defaultlib.tb_fpga_top_sim xil_defaultlib.glbl -log elaborate.log 
Using 2 slave threads.
Starting static elaboration
Pass Through NonSizing Optimizer
Completed static elaboration
Starting simulation data flow analysis
Completed simulation data flow analysis
INFO: [XSIM 43-3451] SDF backannotation process started with SDF file "tb_fpga_top_sim_time_impl.sdf", for root module "tb_fpga_top_sim/uut".
INFO: [XSIM 43-3452] SDF backannotation was successful for SDF file "tb_fpga_top_sim_time_impl.sdf", for root module "tb_fpga_top_sim/uut".
Time Resolution for simulation is 1ps
Compiling module simprims_ver.BUFG
Compiling module simprims_ver.IBUF
Compiling module simprims_ver.OBUF
Compiling module simprims_ver.x_lut3_mux8
Compiling module simprims_ver.LUT3
Compiling module simprims_ver.FDRE_default
Compiling module simprims_ver.LUT5
Compiling module simprims_ver.x_lut1_mux2
Compiling module simprims_ver.LUT1
Compiling module simprims_ver.LUT6
Compiling module simprims_ver.LUT4
Compiling module simprims_ver.CARRY4
Compiling module xil_defaultlib.clk_divider
Compiling module simprims_ver.x_lut2_mux4
Compiling module simprims_ver.LUT2
Compiling module simprims_ver.FDCE_default
Compiling module xil_defaultlib.car
Compiling module xil_defaultlib.microinstruction_register
Compiling module xil_defaultlib.control_unit
Compiling module xil_defaultlib.alu
Compiling module simprims_ver.MUXF7
Compiling module simprims_ver.MUXF8
Compiling module simprims_ver.RAMS64E
Compiling module xil_defaultlib.RAM256X1S_UNIQ_BASE_
Compiling module xil_defaultlib.RAM256X1S_HD1
Compiling module xil_defaultlib.RAM256X1S_HD2
Compiling module xil_defaultlib.RAM256X1S_HD3
Compiling module xil_defaultlib.RAM256X1S_HD4
Compiling module xil_defaultlib.RAM256X1S_HD5
Compiling module xil_defaultlib.RAM256X1S_HD6
Compiling module xil_defaultlib.RAM256X1S_HD7
Compiling module xil_defaultlib.RAM256X1S_HD8
Compiling module xil_defaultlib.RAM256X1S_HD9
Compiling module xil_defaultlib.RAM256X1S_HD10
Compiling module xil_defaultlib.RAM256X1S_HD11
Compiling module xil_defaultlib.RAM256X1S_HD12
Compiling module xil_defaultlib.RAM256X1S_HD13
Compiling module xil_defaultlib.RAM256X1S_HD14
Compiling module xil_defaultlib.RAM256X1S_HD15
Compiling module xil_defaultlib.RAM256X1S_HD16
Compiling module xil_defaultlib.RAM256X1S_HD17
Compiling module xil_defaultlib.RAM256X1S_HD18
Compiling module xil_defaultlib.RAM256X1S_HD19
Compiling module xil_defaultlib.RAM256X1S_HD20
Compiling module xil_defaultlib.RAM256X1S_HD21
Compiling module xil_defaultlib.RAM256X1S_HD22
Compiling module xil_defaultlib.RAM256X1S_HD23
Compiling module xil_defaultlib.RAM256X1S_HD24
Compiling module xil_defaultlib.RAM256X1S_HD25
Compiling module xil_defaultlib.RAM256X1S_HD26
Compiling module xil_defaultlib.RAM256X1S_HD27
Compiling module xil_defaultlib.RAM256X1S_HD28
Compiling module xil_defaultlib.RAM256X1S_HD29
Compiling module xil_defaultlib.RAM256X1S_HD30
Compiling module xil_defaultlib.RAM256X1S_HD31
Compiling module xil_defaultlib.RAM256X1S_HD32
Compiling module xil_defaultlib.RAM256X1S_HD33
Compiling module xil_defaultlib.RAM256X1S_HD34
Compiling module xil_defaultlib.RAM256X1S_HD35
Compiling module xil_defaultlib.RAM256X1S_HD36
Compiling module xil_defaultlib.RAM256X1S_HD37
Compiling module xil_defaultlib.RAM256X1S_HD38
Compiling module xil_defaultlib.RAM256X1S_HD39
Compiling module xil_defaultlib.RAM256X1S_HD40
Compiling module xil_defaultlib.RAM256X1S_HD41
Compiling module xil_defaultlib.RAM256X1S_HD42
Compiling module xil_defaultlib.RAM256X1S_HD43
Compiling module xil_defaultlib.RAM256X1S_HD44
Compiling module xil_defaultlib.RAM256X1S_HD45
Compiling module xil_defaultlib.RAM256X1S_HD46
Compiling module xil_defaultlib.RAM256X1S_HD47
Compiling module xil_defaultlib.RAM256X1S_HD48
Compiling module xil_defaultlib.RAM256X1S_HD49
Compiling module xil_defaultlib.RAM256X1S_HD50
Compiling module xil_defaultlib.RAM256X1S_HD51
Compiling module xil_defaultlib.RAM256X1S_HD52
Compiling module xil_defaultlib.RAM256X1S_HD53
Compiling module xil_defaultlib.RAM256X1S_HD54
Compiling module xil_defaultlib.RAM256X1S_HD55
Compiling module xil_defaultlib.RAM256X1S_HD56
Compiling module xil_defaultlib.RAM256X1S_HD57
Compiling module xil_defaultlib.RAM256X1S_HD58
Compiling module xil_defaultlib.RAM256X1S_HD59
Compiling module xil_defaultlib.RAM256X1S_HD60
Compiling module xil_defaultlib.RAM256X1S_HD61
Compiling module xil_defaultlib.RAM256X1S_HD62
Compiling module xil_defaultlib.RAM256X1S_HD63
Compiling module xil_defaultlib.RAM256X1S_HD64
Compiling module xil_defaultlib.RAM256X1S_HD65
Compiling module xil_defaultlib.RAM256X1S_HD66
Compiling module xil_defaultlib.RAM256X1S_HD67
Compiling module xil_defaultlib.RAM256X1S_HD68
Compiling module xil_defaultlib.RAM256X1S_HD69
Compiling module xil_defaultlib.RAM256X1S_HD70
Compiling module xil_defaultlib.RAM256X1S_HD71
Compiling module xil_defaultlib.RAM256X1S_HD72
Compiling module xil_defaultlib.RAM256X1S_HD73
Compiling module xil_defaultlib.RAM256X1S_HD74
Compiling module xil_defaultlib.RAM256X1S_HD75
Compiling module xil_defaultlib.RAM256X1S_HD76
Compiling module xil_defaultlib.RAM256X1S_HD77
Compiling module xil_defaultlib.RAM256X1S_HD78
Compiling module xil_defaultlib.RAM256X1S_HD79
Compiling module xil_defaultlib.RAM256X1S_HD80
Compiling module xil_defaultlib.RAM256X1S_HD81
Compiling module xil_defaultlib.RAM256X1S_HD82
Compiling module xil_defaultlib.RAM256X1S_HD83
Compiling module xil_defaultlib.RAM256X1S_HD84
Compiling module xil_defaultlib.RAM256X1S_HD85
Compiling module xil_defaultlib.RAM256X1S_HD86
Compiling module xil_defaultlib.RAM256X1S_HD87
Compiling module xil_defaultlib.RAM256X1S_HD88
Compiling module xil_defaultlib.RAM256X1S_HD89
Compiling module xil_defaultlib.RAM256X1S_HD90
Compiling module xil_defaultlib.RAM256X1S_HD91
Compiling module xil_defaultlib.RAM256X1S_HD92
Compiling module xil_defaultlib.RAM256X1S_HD93
Compiling module xil_defaultlib.RAM256X1S_HD94
Compiling module xil_defaultlib.RAM256X1S_HD95
Compiling module xil_defaultlib.RAM256X1S_HD96
Compiling module xil_defaultlib.RAM256X1S_HD97
Compiling module xil_defaultlib.RAM256X1S_HD98
Compiling module xil_defaultlib.RAM256X1S_HD99
Compiling module xil_defaultlib.RAM256X1S_HD100
Compiling module xil_defaultlib.RAM256X1S_HD101
Compiling module xil_defaultlib.RAM256X1S_HD102
Compiling module xil_defaultlib.RAM256X1S_HD103
Compiling module xil_defaultlib.RAM256X1S_HD104
Compiling module xil_defaultlib.RAM256X1S_HD105
Compiling module xil_defaultlib.RAM256X1S_HD106
Compiling module xil_defaultlib.RAM256X1S_HD107
Compiling module xil_defaultlib.RAM256X1S_HD108
Compiling module xil_defaultlib.RAM256X1S_HD109
Compiling module xil_defaultlib.RAM256X1S_HD110
Compiling module xil_defaultlib.RAM256X1S_HD111
Compiling module xil_defaultlib.RAM256X1S_HD112
Compiling module xil_defaultlib.RAM256X1S_HD113
Compiling module xil_defaultlib.RAM256X1S_HD114
Compiling module xil_defaultlib.RAM256X1S_HD115
Compiling module xil_defaultlib.RAM256X1S_HD116
Compiling module xil_defaultlib.RAM256X1S_HD117
Compiling module xil_defaultlib.RAM256X1S_HD118
Compiling module xil_defaultlib.RAM256X1S_HD119
Compiling module xil_defaultlib.RAM256X1S_HD120
Compiling module xil_defaultlib.RAM256X1S_HD121
Compiling module xil_defaultlib.RAM256X1S_HD122
Compiling module xil_defaultlib.RAM256X1S_HD123
Compiling module xil_defaultlib.RAM256X1S_HD124
Compiling module xil_defaultlib.RAM256X1S_HD125
Compiling module xil_defaultlib.RAM256X1S_HD126
Compiling module xil_defaultlib.RAM256X1S_HD127
Compiling module xil_defaultlib.RAM256X1S_HD128
Compiling module xil_defaultlib.RAM256X1S_HD129
Compiling module xil_defaultlib.RAM256X1S_HD130
Compiling module xil_defaultlib.RAM256X1S_HD131
Compiling module xil_defaultlib.RAM256X1S_HD132
Compiling module xil_defaultlib.RAM256X1S_HD133
Compiling module xil_defaultlib.RAM256X1S_HD134
Compiling module xil_defaultlib.RAM256X1S_HD135
Compiling module xil_defaultlib.RAM256X1S_HD136
Compiling module xil_defaultlib.RAM256X1S_HD137
Compiling module xil_defaultlib.RAM256X1S_HD138
Compiling module xil_defaultlib.RAM256X1S_HD139
Compiling module xil_defaultlib.RAM256X1S_HD140
Compiling module xil_defaultlib.RAM256X1S_HD141
Compiling module xil_defaultlib.RAM256X1S_HD142
Compiling module xil_defaultlib.RAM256X1S_HD143
Compiling module xil_defaultlib.RAM256X1S_HD144
Compiling module xil_defaultlib.RAM256X1S_HD145
Compiling module xil_defaultlib.RAM256X1S_HD146
Compiling module xil_defaultlib.RAM256X1S_HD147
Compiling module xil_defaultlib.RAM256X1S_HD148
Compiling module xil_defaultlib.RAM256X1S_HD149
Compiling module xil_defaultlib.RAM256X1S_HD150
Compiling module xil_defaultlib.RAM256X1S_HD151
Compiling module xil_defaultlib.RAM256X1S_HD152
Compiling module xil_defaultlib.RAM256X1S_HD153
Compiling module xil_defaultlib.RAM256X1S_HD154
Compiling module xil_defaultlib.RAM256X1S_HD155
Compiling module xil_defaultlib.RAM256X1S_HD156
Compiling module xil_defaultlib.RAM256X1S_HD157
Compiling module xil_defaultlib.RAM256X1S_HD158
Compiling module xil_defaultlib.RAM256X1S_HD159
Compiling module xil_defaultlib.RAM256X1S_HD160
Compiling module xil_defaultlib.RAM256X1S_HD161
Compiling module xil_defaultlib.RAM256X1S_HD162
Compiling module xil_defaultlib.RAM256X1S_HD163
Compiling module xil_defaultlib.RAM256X1S_HD164
Compiling module xil_defaultlib.RAM256X1S_HD165
Compiling module xil_defaultlib.RAM256X1S_HD166
Compiling module xil_defaultlib.RAM256X1S_HD167
Compiling module xil_defaultlib.RAM256X1S_HD168
Compiling module xil_defaultlib.RAM256X1S_HD169
Compiling module xil_defaultlib.RAM256X1S_HD170
Compiling module xil_defaultlib.RAM256X1S_HD171
Compiling module xil_defaultlib.RAM256X1S_HD172
Compiling module xil_defaultlib.RAM256X1S_HD173
Compiling module xil_defaultlib.RAM256X1S_HD174
Compiling module xil_defaultlib.RAM256X1S_HD175
Compiling module xil_defaultlib.RAM256X1S_HD176
Compiling module xil_defaultlib.RAM256X1S_HD177
Compiling module xil_defaultlib.RAM256X1S_HD178
Compiling module xil_defaultlib.RAM256X1S_HD179
Compiling module xil_defaultlib.RAM256X1S_HD180
Compiling module xil_defaultlib.RAM256X1S_HD181
Compiling module xil_defaultlib.RAM256X1S_HD182
Compiling module xil_defaultlib.RAM256X1S_HD183
Compiling module xil_defaultlib.RAM256X1S_HD184
Compiling module xil_defaultlib.RAM256X1S_HD185
Compiling module xil_defaultlib.RAM256X1S_HD186
Compiling module xil_defaultlib.RAM256X1S_HD187
Compiling module xil_defaultlib.RAM256X1S_HD188
Compiling module xil_defaultlib.RAM256X1S_HD189
Compiling module xil_defaultlib.RAM256X1S_HD190
Compiling module xil_defaultlib.RAM256X1S_HD191
Compiling module xil_defaultlib.RAM256X1S_HD192
Compiling module xil_defaultlib.RAM256X1S_HD193
Compiling module xil_defaultlib.RAM256X1S_HD194
Compiling module xil_defaultlib.RAM256X1S_HD195
Compiling module xil_defaultlib.RAM256X1S_HD196
Compiling module xil_defaultlib.RAM256X1S_HD197
Compiling module xil_defaultlib.RAM256X1S_HD198
Compiling module xil_defaultlib.RAM256X1S_HD199
Compiling module xil_defaultlib.RAM256X1S_HD200
Compiling module xil_defaultlib.RAM256X1S_HD201
Compiling module xil_defaultlib.RAM256X1S_HD202
Compiling module xil_defaultlib.RAM256X1S_HD203
Compiling module xil_defaultlib.RAM256X1S_HD204
Compiling module xil_defaultlib.RAM256X1S_HD205
Compiling module xil_defaultlib.RAM256X1S_HD206
Compiling module xil_defaultlib.RAM256X1S_HD207
Compiling module xil_defaultlib.RAM256X1S_HD208
Compiling module xil_defaultlib.RAM256X1S_HD209
Compiling module xil_defaultlib.RAM256X1S_HD210
Compiling module xil_defaultlib.RAM256X1S_HD211
Compiling module xil_defaultlib.RAM256X1S_HD212
Compiling module xil_defaultlib.RAM256X1S_HD213
Compiling module xil_defaultlib.RAM256X1S_HD214
Compiling module xil_defaultlib.RAM256X1S_HD215
Compiling module xil_defaultlib.RAM256X1S_HD216
Compiling module xil_defaultlib.RAM256X1S_HD217
Compiling module xil_defaultlib.RAM256X1S_HD218
Compiling module xil_defaultlib.RAM256X1S_HD219
Compiling module xil_defaultlib.RAM256X1S_HD220
Compiling module xil_defaultlib.RAM256X1S_HD221
Compiling module xil_defaultlib.RAM256X1S_HD222
Compiling module xil_defaultlib.RAM256X1S_HD223
Compiling module xil_defaultlib.RAM256X1S_HD224
Compiling module xil_defaultlib.RAM256X1S_HD225
Compiling module xil_defaultlib.RAM256X1S_HD226
Compiling module xil_defaultlib.RAM256X1S_HD227
Compiling module xil_defaultlib.RAM256X1S_HD228
Compiling module xil_defaultlib.RAM256X1S_HD229
Compiling module xil_defaultlib.RAM256X1S_HD230
Compiling module xil_defaultlib.RAM256X1S_HD231
Compiling module xil_defaultlib.RAM256X1S_HD232
Compiling module xil_defaultlib.RAM256X1S_HD233
Compiling module xil_defaultlib.RAM256X1S_HD234
Compiling module xil_defaultlib.RAM256X1S_HD235
Compiling module xil_defaultlib.RAM256X1S_HD236
Compiling module xil_defaultlib.RAM256X1S_HD237
Compiling module xil_defaultlib.RAM256X1S_HD238
Compiling module xil_defaultlib.RAM256X1S_HD239
Compiling module xil_defaultlib.RAM256X1S_HD240
Compiling module xil_defaultlib.RAM256X1S_HD241
Compiling module xil_defaultlib.RAM256X1S_HD242
Compiling module xil_defaultlib.RAM256X1S_HD243
Compiling module xil_defaultlib.RAM256X1S_HD244
Compiling module xil_defaultlib.RAM256X1S_HD245
Compiling module xil_defaultlib.RAM256X1S_HD246
Compiling module xil_defaultlib.RAM256X1S_HD247
Compiling module xil_defaultlib.RAM256X1S_HD248
Compiling module xil_defaultlib.RAM256X1S_HD249
Compiling module xil_defaultlib.RAM256X1S_HD250
Compiling module xil_defaultlib.RAM256X1S_HD251
Compiling module xil_defaultlib.RAM256X1S_HD252
Compiling module xil_defaultlib.RAM256X1S_HD253
Compiling module xil_defaultlib.RAM256X1S_HD254
Compiling module xil_defaultlib.RAM256X1S_HD255
Compiling module xil_defaultlib.memory
Compiling module xil_defaultlib.register
Compiling module xil_defaultlib.register_0
Compiling module xil_defaultlib.register_1
Compiling module xil_defaultlib.register_2
Compiling module xil_defaultlib.register_3
Compiling module xil_defaultlib.registers
Compiling module xil_defaultlib.datapath
Compiling module xil_defaultlib.mano_computer
Compiling module xil_defaultlib.reset_sync
Compiling module xil_defaultlib.fpga_top
Compiling module xil_defaultlib.tb_fpga_top_sim
Compiling module xil_defaultlib.glbl
Built simulation snapshot tb_fpga_top_sim_time_impl
