Copyright 1986-2022 Xilinx, Inc. All Rights Reserved.
-------------------------------------------------------------------------------------
| Tool Version : Vivado v.2022.2 (win64) Build 3671981 Fri Oct 14 05:00:03 MDT 2022
| Date         : Fri Aug 21 19:30:29 2026
| Host         : laptop running 64-bit major release  (build 9200)
| Command      : report_control_sets -verbose -file fpga_top_control_sets_placed.rpt
| Design       : fpga_top
| Device       : xc7a35t
-------------------------------------------------------------------------------------

Control Set Information

Table of Contents
-----------------
1. Summary
2. Histogram
3. Flip-Flop Distribution
4. Detailed Control Set Information

1. Summary
----------

+----------------------------------------------------------+-------+
|                          Status                          | Count |
+----------------------------------------------------------+-------+
| Total control sets                                       |    24 |
|    Minimum number of control sets                        |    24 |
|    Addition due to synthesis replication                 |     0 |
|    Addition due to physical synthesis replication        |     0 |
| Unused register locations in slices containing registers |    19 |
+----------------------------------------------------------+-------+
* Control sets can be merged at opt_design using control_set_merge or merge_equivalent_drivers
** Run report_qor_suggestions for automated merging and remapping suggestions


2. Histogram
------------

+--------------------+-------+
|       Fanout       | Count |
+--------------------+-------+
| Total control sets |    24 |
| >= 0 to < 4        |     1 |
| >= 4 to < 6        |     0 |
| >= 6 to < 8        |     0 |
| >= 8 to < 10       |     0 |
| >= 10 to < 12      |     0 |
| >= 12 to < 14      |     0 |
| >= 14 to < 16      |     0 |
| >= 16              |    23 |
+--------------------+-------+
* Control sets can be remapped at either synth_design or opt_design


3. Flip-Flop Distribution
-------------------------

+--------------+-----------------------+------------------------+-----------------+--------------+
| Clock Enable | Synchronous Set/Reset | Asynchronous Set/Reset | Total Registers | Total Slices |
+--------------+-----------------------+------------------------+-----------------+--------------+
| No           | No                    | No                     |               3 |            2 |
| No           | No                    | Yes                    |              25 |           12 |
| No           | Yes                   | No                     |              25 |            7 |
| Yes          | No                    | No                     |               0 |            0 |
| Yes          | No                    | Yes                    |             120 |           30 |
| Yes          | Yes                   | No                     |               0 |            0 |
+--------------+-----------------------+------------------------+-----------------+--------------+


4. Detailed Control Set Information
-----------------------------------

+------------------------+-----------------------------------+-----------------------+------------------+----------------+--------------+
|      Clock Signal      |           Enable Signal           |    Set/Reset Signal   | Slice Load Count | Bel Load Count | Bels / Slice |
+------------------------+-----------------------------------+-----------------------+------------------+----------------+--------------+
|  clk_IBUF_BUFG         |                                   |                       |                2 |              3 |         1.50 |
|  q_out_reg[31]_i_2_n_0 | u_mano/cu/uir/Q[10]               | u_reset/rst_sync      |                4 |             16 |         4.00 |
|  q_out_reg[31]_i_2_n_0 | u_mano/cu/uir/Q[11]               | u_reset/rst_sync      |                4 |             16 |         4.00 |
|  q_out_reg[31]_i_2_n_0 | u_mano/cu/uir/Q[12]               | u_reset/rst_sync      |                4 |             16 |         4.00 |
|  q_out_reg[31]_i_2_n_0 | u_mano/cu/uir/q_out_reg[28]_0     | u_reset/rst_sync      |                4 |             16 |         4.00 |
|  clk_IBUF_BUFG         |                                   | u_reset/rst_out_reg_0 |                7 |             25 |         3.57 |
|  q_out_reg[31]_i_2_n_0 |                                   | u_reset/rst_sync      |               12 |             25 |         2.08 |
|  q_out_reg[31]_i_2_n_0 | u_mano/cu/uir/q_out_reg[30]_0     | u_reset/rst_sync      |               14 |             56 |         4.00 |
|  q_out_reg[31]_i_2_n_0 | u_mano/dp/regs/AR/q_out_reg[11]_3 |                       |               16 |             64 |         4.00 |
|  q_out_reg[31]_i_2_n_0 | u_mano/dp/regs/AR/q_out_reg[24]   |                       |               16 |             64 |         4.00 |
|  q_out_reg[31]_i_2_n_0 | u_mano/dp/regs/AR/q_out_reg[24]_3 |                       |               16 |             64 |         4.00 |
|  q_out_reg[31]_i_2_n_0 | u_mano/dp/regs/AR/q_out_reg[8]_1  |                       |               16 |             64 |         4.00 |
|  q_out_reg[31]_i_2_n_0 | u_mano/dp/regs/AR/q_out_reg[9]_1  |                       |               16 |             64 |         4.00 |
|  q_out_reg[31]_i_2_n_0 | u_mano/dp/regs/AR/q_out_reg[10]_1 |                       |               16 |             64 |         4.00 |
|  q_out_reg[31]_i_2_n_0 | u_mano/dp/regs/AR/q_out_reg[9]_2  |                       |               16 |             64 |         4.00 |
|  q_out_reg[31]_i_2_n_0 | u_mano/dp/regs/AR/q_out_reg[10]_2 |                       |               16 |             64 |         4.00 |
|  q_out_reg[31]_i_2_n_0 | u_mano/dp/regs/AR/q_out_reg[11]_5 |                       |               16 |             64 |         4.00 |
|  q_out_reg[31]_i_2_n_0 | u_mano/dp/regs/AR/q_out_reg[24]_1 |                       |               16 |             64 |         4.00 |
|  q_out_reg[31]_i_2_n_0 | u_mano/dp/regs/AR/q_out_reg[11]_6 |                       |               16 |             64 |         4.00 |
|  q_out_reg[31]_i_2_n_0 | u_mano/dp/regs/AR/q_out_reg[10]_3 |                       |               16 |             64 |         4.00 |
|  q_out_reg[31]_i_2_n_0 | u_mano/dp/regs/AR/q_out_reg[11]_4 |                       |               16 |             64 |         4.00 |
|  q_out_reg[31]_i_2_n_0 | u_mano/dp/regs/AR/q_out_reg[24]_0 |                       |               16 |             64 |         4.00 |
|  q_out_reg[31]_i_2_n_0 | u_mano/dp/regs/AR/q_out_reg[24]_2 |                       |               16 |             64 |         4.00 |
|  q_out_reg[31]_i_2_n_0 | u_mano/dp/regs/AR/q_out_reg[24]_4 |                       |               16 |             64 |         4.00 |
+------------------------+-----------------------------------+-----------------------+------------------+----------------+--------------+


